// Vitest Snapshot v1, https://vitest.dev/guide/snapshot.html

exports[`snapshot test 1`] = `
{
  "Parameters": {
    "BootstrapVersion": {
      "Default": "/cdk-bootstrap/hnb659fds/version",
      "Description": "Version of the CDK Bootstrap resources in this environment, automatically retrieved from SSM Parameter Store. [cdk:skip]",
      "Type": "AWS::SSM::Parameter::Value<String>",
    },
  },
  "Resources": {
    "sampleappdummyoutputbucketB93B7DA7": {
      "DeletionPolicy": "Delete",
      "Properties": {
        "BucketName": {
          "Fn::Join": [
            "",
            [
              "dummy-output-bucket-",
              {
                "Ref": "AWS::AccountId",
              },
              "-",
              {
                "Ref": "AWS::Region",
              },
            ],
          ],
        },
        "Tags": [
          {
            "Key": "APPLICATION_NAME",
            "Value": "sample-app",
          },
        ],
      },
      "Type": "AWS::S3::Bucket",
      "UpdateReplacePolicy": "Delete",
    },
    "sampleapphelloworldfunction1F7782AA": {
      "DependsOn": [
        "sampleapphelloworldfunctionServiceRoleDefaultPolicy8AAF12CA",
        "sampleapphelloworldfunctionServiceRoleC7E34B10",
      ],
      "Properties": {
        "Architectures": [
          "arm64",
        ],
        "Code": {
          "S3Bucket": {
            "Fn::Sub": "cdk-hnb659fds-assets-\${AWS::AccountId}-\${AWS::Region}",
          },
          "S3Key": "HASH-REPLACED.zip",
        },
        "Environment": {
          "Variables": {
            "POWERTOOLS_LOG_LEVEL": "DEBUG",
            "POWERTOOLS_METRICS_NAMESPACE": "LF-hello-world",
            "POWERTOOLS_SERVICE_NAME": "hello-world-function",
            "TARGET_BUCKET": {
              "Ref": "sampleappdummyoutputbucketB93B7DA7",
            },
            "TARGET_DYNAMODB_TABLE": {
              "Ref": "sampleappsampletable57978B42",
            },
          },
        },
        "FunctionName": "LF-hello-world",
        "Handler": "index.handler",
        "MemorySize": 256,
        "Role": {
          "Fn::GetAtt": [
            "sampleapphelloworldfunctionServiceRoleC7E34B10",
            "Arn",
          ],
        },
        "Runtime": "nodejs20.x",
        "Tags": [
          {
            "Key": "APPLICATION_NAME",
            "Value": "sample-app",
          },
        ],
        "Timeout": 10,
        "TracingConfig": {
          "Mode": "Active",
        },
      },
      "Type": "AWS::Lambda::Function",
    },
    "sampleapphelloworldfunctionServiceRoleC7E34B10": {
      "Properties": {
        "AssumeRolePolicyDocument": {
          "Statement": [
            {
              "Action": "sts:AssumeRole",
              "Effect": "Allow",
              "Principal": {
                "Service": "lambda.amazonaws.com",
              },
            },
          ],
          "Version": "2012-10-17",
        },
        "ManagedPolicyArns": [
          {
            "Fn::Join": [
              "",
              [
                "arn:",
                {
                  "Ref": "AWS::Partition",
                },
                ":iam::aws:policy/service-role/AWSLambdaBasicExecutionRole",
              ],
            ],
          },
        ],
        "Tags": [
          {
            "Key": "APPLICATION_NAME",
            "Value": "sample-app",
          },
        ],
      },
      "Type": "AWS::IAM::Role",
    },
    "sampleapphelloworldfunctionServiceRoleDefaultPolicy8AAF12CA": {
      "Properties": {
        "PolicyDocument": {
          "Statement": [
            {
              "Action": [
                "xray:PutTraceSegments",
                "xray:PutTelemetryRecords",
              ],
              "Effect": "Allow",
              "Resource": "*",
            },
            {
              "Action": [
                "s3:DeleteObject*",
                "s3:PutObject",
                "s3:PutObjectLegalHold",
                "s3:PutObjectRetention",
                "s3:PutObjectTagging",
                "s3:PutObjectVersionTagging",
                "s3:Abort*",
              ],
              "Effect": "Allow",
              "Resource": [
                {
                  "Fn::GetAtt": [
                    "sampleappdummyoutputbucketB93B7DA7",
                    "Arn",
                  ],
                },
                {
                  "Fn::Join": [
                    "",
                    [
                      {
                        "Fn::GetAtt": [
                          "sampleappdummyoutputbucketB93B7DA7",
                          "Arn",
                        ],
                      },
                      "/*",
                    ],
                  ],
                },
              ],
            },
            {
              "Action": [
                "dynamodb:BatchGetItem",
                "dynamodb:GetRecords",
                "dynamodb:GetShardIterator",
                "dynamodb:Query",
                "dynamodb:GetItem",
                "dynamodb:Scan",
                "dynamodb:ConditionCheckItem",
                "dynamodb:DescribeTable",
              ],
              "Effect": "Allow",
              "Resource": {
                "Fn::GetAtt": [
                  "sampleappsampletable57978B42",
                  "Arn",
                ],
              },
            },
          ],
          "Version": "2012-10-17",
        },
        "PolicyName": "sampleapphelloworldfunctionServiceRoleDefaultPolicy8AAF12CA",
        "Roles": [
          {
            "Ref": "sampleapphelloworldfunctionServiceRoleC7E34B10",
          },
        ],
      },
      "Type": "AWS::IAM::Policy",
    },
    "sampleappsampletable57978B42": {
      "DeletionPolicy": "Delete",
      "Properties": {
        "AttributeDefinitions": [
          {
            "AttributeName": "majorId",
            "AttributeType": "S",
          },
          {
            "AttributeName": "minorId",
            "AttributeType": "N",
          },
        ],
        "BillingMode": "PAY_PER_REQUEST",
        "KeySchema": [
          {
            "AttributeName": "majorId",
            "KeyType": "HASH",
          },
          {
            "AttributeName": "minorId",
            "KeyType": "RANGE",
          },
        ],
        "Replicas": [
          {
            "Region": {
              "Ref": "AWS::Region",
            },
          },
        ],
        "TableName": "ddb-table-sample",
      },
      "Type": "AWS::DynamoDB::GlobalTable",
      "UpdateReplacePolicy": "Delete",
    },
  },
  "Rules": {
    "CheckBootstrapVersion": {
      "Assertions": [
        {
          "Assert": {
            "Fn::Not": [
              {
                "Fn::Contains": [
                  [
                    "1",
                    "2",
                    "3",
                    "4",
                    "5",
                  ],
                  {
                    "Ref": "BootstrapVersion",
                  },
                ],
              },
            ],
          },
          "AssertDescription": "CDK bootstrap stack version 6 required. Please run 'cdk bootstrap' with a recent version of the CDK CLI.",
        },
      ],
    },
  },
}
`;
